// Jest Snapshot v1, https://goo.gl/fbAQLP

exports[`<TodoItem /> Should have different className if item isDone 1`] = `
<li
  className="todo__item todo__item--done"
  onClick={[Function]}
>
  Cook something good
</li>
`;
